---
source: src/parser/mod.rs
expression: "parse(r\"\\sin 1\")"
---
Ok(
    [
        AtomChange(
            AtomChange {
                at: Operator(
                    false,
                ),
                inner: [
                    PlainText(
                        PlainText {
                            text: "sin",
                        },
                    ),
                ],
            },
        ),
        Symbol(
            Symbol {
                codepoint: '1',
                atom_type: Alpha,
            },
        ),
    ],
)
