---
source: src/parser/mod.rs
expression: "parse(r\"\\left(\\right.\")"
---
Ok(
    [
        Delimited(
            Delimited {
                delimiters: [
                    Some(
                        Symbol {
                            codepoint: '(',
                            atom_type: Open,
                        },
                    ),
                    None,
                ],
                inners: [
                    [],
                ],
            },
        ),
    ],
)
