---
source: src/parser/mod.rs
assertion_line: 853
expression: "parse(r\"a\\hspace{5px}b\")"
---
Ok(
    [
        Symbol(
            Symbol {
                codepoint: '𝑎',
                atom_type: Alpha,
            },
        ),
        Kerning(
            Px(
                5.0,
            ),
        ),
        Symbol(
            Symbol {
                codepoint: '𝑏',
                atom_type: Alpha,
            },
        ),
    ],
)
